python : C:\Python314\python.exe: can't open file 'C:\\Users\\My_User\\Desktop\\program\\CODE\\UniFlow\\UniFlow\\test_tool_calling.py': [Errno 2] No su
ch file or directory
At line:1 char:1
+ python test_tool_calling.py 2>&1 | Out-File -FilePath test_output.txt ...
+ ~~~~~~~~~~~~~~~~~~~~~~~~~~~~~~~~
    + CategoryInfo          : NotSpecified: (C:\Python314\py...le or directory:String) [], RemoteException
    + FullyQualifiedErrorId : NativeCommandError
 
